{
  "bazelInvocation": {
    "bazelCommand": {
      "buildOptions": "--build_event_json_file=./pkg/summary/testdata/nextjs_build_fail.bep.ndjson",
      "command": "test",
      "executable": "bazel",
      "id": "",
      "residual": "//..."
    },
    "build": null,
    "endedAt": "2024-05-03T00:24:16.367Z",
    "id": "QmF6ZWxJbnZvY2F0aW9uOjI=",
    "invocationID": "08ae089d-4c85-405c-83fc-dbe9fc1dc942",
    "metrics": {
      "actionSummary": [
        {
          "actionCacheStatistics": [
            {
              "hits": 8,
              "id": "QWN0aW9uQ2FjaGVTdGF0aXN0aWNzOjI=",
              "loadTimeInMs": 0,
              "missDetails": [
                {
                  "count": 0,
                  "id": "TWlzc0RldGFpOjg=",
                  "reason": "UNKNOWN"
                },
                {
                  "count": 0,
                  "id": "TWlzc0RldGFpOjk=",
                  "reason": "DIFFERENT_ACTION_KEY"
                },
                {
                  "count": 0,
                  "id": "TWlzc0RldGFpOjEw",
                  "reason": "DIFFERENT_DEPS"
                },
                {
                  "count": 2,
                  "id": "TWlzc0RldGFpOjEx",
                  "reason": "DIFFERENT_ENVIRONMENT"
                },
                {
                  "count": 0,
                  "id": "TWlzc0RldGFpOjEy",
                  "reason": "DIFFERENT_FILES"
                },
                {
                  "count": 0,
                  "id": "TWlzc0RldGFpOjEz",
                  "reason": "CORRUPTED_CACHE_ENTRY"
                },
                {
                  "count": 1,
                  "id": "TWlzc0RldGFpOjE0",
                  "reason": "NOT_CACHED"
                }
              ],
              "misses": 3,
              "saveTimeInMs": 0,
              "sizeInBytes": 1548758
            }
          ],
          "actionData": [
            {
              "actionsCreated": 0,
              "actionsExecuted": 1,
              "firstStartedMs": 1714695855664,
              "id": "QWN0aW9uRGF0YTo0",
              "lastEndedMs": 1714695855666,
              "mnemonic": "BazelWorkspaceStatusAction",
              "systemTime": 0,
              "userTime": 0
            },
            {
              "actionsCreated": 0,
              "actionsExecuted": 1,
              "firstStartedMs": 1714695855711,
              "id": "QWN0aW9uRGF0YTo1",
              "lastEndedMs": 1714695855724,
              "mnemonic": "CopyFile",
              "systemTime": 1,
              "userTime": 1
            },
            {
              "actionsCreated": 0,
              "actionsExecuted": 1,
              "firstStartedMs": 1714695855725,
              "id": "QWN0aW9uRGF0YTo2",
              "lastEndedMs": 1714695856359,
              "mnemonic": "TsProject",
              "systemTime": 0,
              "userTime": 0
            }
          ],
          "actionsCreated": 0,
          "actionsCreatedNotIncludingAspects": 0,
          "actionsExecuted": 3,
          "id": "QWN0aW9uU3VtbWFyeToy",
          "remoteCacheHits": 0,
          "runnerCount": [
            {
              "actionsExecuted": 3,
              "execKind": "",
              "id": "UnVubmVyQ291bnQ6NQ==",
              "name": "total"
            },
            {
              "actionsExecuted": 2,
              "execKind": "",
              "id": "UnVubmVyQ291bnQ6Ng==",
              "name": "internal"
            },
            {
              "actionsExecuted": 1,
              "execKind": "Local",
              "id": "UnVubmVyQ291bnQ6Nw==",
              "name": "local"
            }
          ]
        }
      ],
      "artifactMetrics": [
        {
          "id": "QXJ0aWZhY3RNZXRyaWNzOjI=",
          "outputArtifactsFromActionCache": [
            {
              "count": 16,
              "id": "RmlsZXNNZXRyaWM6Nw==",
              "sizeInBytes": 3733
            }
          ],
          "outputArtifactsSeen": [
            {
              "count": 19,
              "id": "RmlsZXNNZXRyaWM6Ng==",
              "sizeInBytes": 6359
            }
          ],
          "sourceArtifactsRead": [
            {
              "count": 1,
              "id": "RmlsZXNNZXRyaWM6NQ==",
              "sizeInBytes": 2491
            }
          ],
          "topLevelArtifacts": [
            {
              "count": 0,
              "id": "RmlsZXNNZXRyaWM6OA==",
              "sizeInBytes": 0
            }
          ]
        }
      ],
      "buildGraphMetrics": [
        {
          "actionCount": 0,
          "actionLookupValueCount": 0,
          "actionLookupValueCountNotIncludingAspects": 0,
          "id": "QnVpbGRHcmFwaE1ldHJpY3M6Mg==",
          "inputFileConfiguredTargetCount": 0,
          "otherConfiguredTargetCount": 0,
          "outputArtifactCount": 0,
          "outputFileConfiguredTargetCount": 0,
          "postInvocationSkyframeNodeCount": 117746
        }
      ],
      "cumulativeMetrics": [
        {
          "id": "Q3VtdWxhdGl2ZU1ldHJpY3M6Mg==",
          "numAnalyses": 10,
          "numBuilds": 10
        }
      ],
      "dynamicExecutionMetrics": [],
      "id": "TWV0cmljczoy",
      "memoryMetrics": [
        {
          "garbageMetrics": [],
          "id": "TWVtb3J5TWV0cmljczoy",
          "peakPostGcHeapSize": 0,
          "peakPostGcTenuredSpaceHeapSize": 0,
          "usedHeapSizePostBuild": 0
        }
      ],
      "networkMetrics": [],
      "packageMetrics": [
        {
          "id": "UGFja2FnZU1ldHJpY3M6Mg==",
          "packageLoadMetrics": [],
          "packagesLoaded": 0
        }
      ],
      "targetMetrics": [
        {
          "id": "VGFyZ2V0TWV0cmljczoy",
          "targetsConfigured": 0,
          "targetsConfiguredNotIncludingAspects": 0,
          "targetsLoaded": 0
        }
      ],
      "timingMetrics": [
        {
          "actionsExecutionStartInMs": 0,
          "analysisPhaseTimeInMs": 55,
          "cpuTimeInMs": 2792,
          "executionPhaseTimeInMs": 702,
          "id": "VGltaW5nTWV0cmljczoy",
          "wallTimeInMs": 960
        }
      ]
    },
    "problems": [
      {
        "__typename": "ActionProblem",
        "id": "QWN0aW9uUHJvYmxlbTox",
        "label": "//next.js/pages:pages",
        "stderr": null,
        "stdout": {
          "availabilityStatus": "PROCESSING",
          "downloadURL": "/api/v1/blobs/1/stdout",
          "name": "stdout",
          "sizeInBytes": 0
        },
        "type": "TsProject"
      }
    ],
    "profile": null,
    "relatedFiles": [
      {
        "name": "command.profile.gz",
        "url": "file:///private/var/tmp/_bazel_nameless/785aba6fa73b7504b05bf113721e0096/command.profile.gz"
      },
      {
        "name": "nextjs_build_fail.bep.ndjson",
        "url": "../summary/testdata/nextjs_build_fail.bep.ndjson"
      }
    ],
    "startedAt": "2024-05-03T00:24:15.374Z",
    "state": {
      "bepCompleted": true,
      "buildEndTime": "2024-05-03T00:24:16.367Z",
      "buildStartTime": "2024-05-03T00:24:16.367Z",
      "exitCode": {
        "code": 1,
        "id": "",
        "name": "BUILD_FAILURE"
      },
      "id": ""
    },
    "stepLabel": "",
    "targets": [
      {
        "abortReason": "",
        "durationInMs": 1,
        "id": "VGFyZ2V0UGFpcjo2NA==",
        "label": "//react/src:test_lib_typecheck",
        "success": true,
        "targetKind": "filegroup rule",
        "testSize": "UNKNOWN"
      },
      {
        "abortReason": "",
        "durationInMs": 0,
        "id": "VGFyZ2V0UGFpcjo2NQ==",
        "label": "//react-webpack:_dev_server_webpack_binary_entrypoint",
        "success": true,
        "targetKind": "directory_path rule",
        "testSize": "UNKNOWN"
      },
      {
        "abortReason": "",
        "durationInMs": 0,
        "id": "VGFyZ2V0UGFpcjo2Ng==",
        "label": "//vue/libraries/simple:types",
        "success": true,
        "targetKind": "_run_binary rule",
        "testSize": "UNKNOWN"
      },
      {
        "abortReason": "",
        "durationInMs": 0,
        "id": "VGFyZ2V0UGFpcjo2Nw==",
        "label": "//next.js/pages:_jest_test_bazel_snapshot_resolver",
        "success": true,
        "targetKind": "_copy_file rule",
        "testSize": "UNKNOWN"
      },
      {
        "abortReason": "",
        "durationInMs": 1,
        "id": "VGFyZ2V0UGFpcjo2OA==",
        "label": "//react:build_smoke_test",
        "success": true,
        "targetKind": "js_test rule",
        "testSize": "MEDIUM"
      },
      {
        "abortReason": "",
        "durationInMs": 0,
        "id": "VGFyZ2V0UGFpcjo2OQ==",
        "label": "//react-webpack:dev_server",
        "success": true,
        "targetKind": "_js_run_devserver rule",
        "testSize": "UNKNOWN"
      },
      {
        "abortReason": "",
        "durationInMs": 0,
        "id": "VGFyZ2V0UGFpcjo3MA==",
        "label": "//react/src:src_typecheck",
        "success": true,
        "targetKind": "filegroup rule",
        "testSize": "UNKNOWN"
      },
      {
        "abortReason": "",
        "durationInMs": 0,
        "id": "VGFyZ2V0UGFpcjo3MQ==",
        "label": "//react-webpack:bundle",
        "success": true,
        "targetKind": "_webpack_bundle rule",
        "testSize": "UNKNOWN"
      },
      {
        "abortReason": "",
        "durationInMs": 1,
        "id": "VGFyZ2V0UGFpcjo3Mg==",
        "label": "//react/src:test_lib",
        "success": true,
        "targetKind": "js_library rule",
        "testSize": "UNKNOWN"
      },
      {
        "abortReason": "",
        "durationInMs": 0,
        "id": "VGFyZ2V0UGFpcjo3Mw==",
        "label": "//next.js:package_json",
        "success": true,
        "targetKind": "js_library rule",
        "testSize": "UNKNOWN"
      },
      {
        "abortReason": "",
        "durationInMs": 0,
        "id": "VGFyZ2V0UGFpcjo3NA==",
        "label": "//react-webpack/src:transpile",
        "success": true,
        "targetKind": "swc_compile rule",
        "testSize": "UNKNOWN"
      },
      {
        "abortReason": "",
        "durationInMs": 0,
        "id": "VGFyZ2V0UGFpcjo3NQ==",
        "label": "//vue:vite",
        "success": true,
        "targetKind": "js_binary rule",
        "testSize": "UNKNOWN"
      },
      {
        "abortReason": "UNKNOWN",
        "durationInMs": 2,
        "id": "VGFyZ2V0UGFpcjo3Ng==",
        "label": "//next.js:build_smoke_test",
        "success": false,
        "targetKind": "js_test rule",
        "testSize": "MEDIUM"
      },
      {
        "abortReason": "",
        "durationInMs": 0,
        "id": "VGFyZ2V0UGFpcjo3Nw==",
        "label": "//react/src:src",
        "success": true,
        "targetKind": "js_library rule",
        "testSize": "UNKNOWN"
      },
      {
        "abortReason": "",
        "durationInMs": 0,
        "id": "VGFyZ2V0UGFpcjo3OA==",
        "label": "//vue/libraries/simple:simple",
        "success": true,
        "targetKind": "_npm_package rule",
        "testSize": "UNKNOWN"
      },
      {
        "abortReason": "",
        "durationInMs": 0,
        "id": "VGFyZ2V0UGFpcjo3OQ==",
        "label": "//vue/libraries/simple:vite.config",
        "success": true,
        "targetKind": "js_library rule",
        "testSize": "UNKNOWN"
      },
      {
        "abortReason": "",
        "durationInMs": 0,
        "id": "VGFyZ2V0UGFpcjo4MA==",
        "label": "//next.js/public:public",
        "success": true,
        "targetKind": "js_library rule",
        "testSize": "UNKNOWN"
      },
      {
        "abortReason": "UNKNOWN",
        "durationInMs": 2,
        "id": "VGFyZ2V0UGFpcjo4MQ==",
        "label": "//next.js:next_start",
        "success": false,
        "targetKind": "_js_run_devserver rule",
        "testSize": "UNKNOWN"
      },
      {
        "abortReason": "",
        "durationInMs": 0,
        "id": "VGFyZ2V0UGFpcjo4Mg==",
        "label": "//react/src:src_typings",
        "success": true,
        "targetKind": "ts_project rule",
        "testSize": "UNKNOWN"
      },
      {
        "abortReason": "",
        "durationInMs": 0,
        "id": "VGFyZ2V0UGFpcjo4Mw==",
        "label": "//react/src:test_lib_typings",
        "success": true,
        "targetKind": "ts_project rule",
        "testSize": "UNKNOWN"
      },
      {
        "abortReason": "",
        "durationInMs": 1,
        "id": "VGFyZ2V0UGFpcjo4NA==",
        "label": "//react:package_json",
        "success": true,
        "targetKind": "js_library rule",
        "testSize": "UNKNOWN"
      },
      {
        "abortReason": "UNKNOWN",
        "durationInMs": 2,
        "id": "VGFyZ2V0UGFpcjo4NQ==",
        "label": "//next.js:next",
        "success": false,
        "targetKind": "_run_binary rule",
        "testSize": "UNKNOWN"
      },
      {
        "abortReason": "",
        "durationInMs": 1,
        "id": "VGFyZ2V0UGFpcjo4Ng==",
        "label": "//react:build",
        "success": true,
        "targetKind": "_run_binary rule",
        "testSize": "UNKNOWN"
      },
      {
        "abortReason": "",
        "durationInMs": 0,
        "id": "VGFyZ2V0UGFpcjo4Nw==",
        "label": "//packages/one:one",
        "success": true,
        "targetKind": "_npm_package rule",
        "testSize": "UNKNOWN"
      },
      {
        "abortReason": "",
        "durationInMs": 1,
        "id": "VGFyZ2V0UGFpcjo4OA==",
        "label": "//react/src:test_lib_typecheck_test",
        "success": true,
        "targetKind": "_empty_test rule",
        "testSize": "SMALL"
      },
      {
        "abortReason": "",
        "durationInMs": 0,
        "id": "VGFyZ2V0UGFpcjo4OQ==",
        "label": "//react-webpack:_dev_server_webpack_binary",
        "success": true,
        "targetKind": "js_binary rule",
        "testSize": "UNKNOWN"
      },
      {
        "abortReason": "",
        "durationInMs": 0,
        "id": "VGFyZ2V0UGFpcjo5MA==",
        "label": "//react/src:test_lib_transpile",
        "success": true,
        "targetKind": "swc_compile rule",
        "testSize": "UNKNOWN"
      },
      {
        "abortReason": "",
        "durationInMs": 0,
        "id": "VGFyZ2V0UGFpcjo5MQ==",
        "label": "//next.js:jest_config",
        "success": true,
        "targetKind": "js_library rule",
        "testSize": "UNKNOWN"
      },
      {
        "abortReason": "",
        "durationInMs": 0,
        "id": "VGFyZ2V0UGFpcjo5Mg==",
        "label": "//react/src:assets",
        "success": true,
        "targetKind": "js_library rule",
        "testSize": "UNKNOWN"
      },
      {
        "abortReason": "",
        "durationInMs": 0,
        "id": "VGFyZ2V0UGFpcjo5Mw==",
        "label": "//react:vite.config",
        "success": true,
        "targetKind": "js_library rule",
        "testSize": "UNKNOWN"
      },
      {
        "abortReason": "",
        "durationInMs": 0,
        "id": "VGFyZ2V0UGFpcjo5NA==",
        "label": "//vue/src:src",
        "success": true,
        "targetKind": "_copy_to_bin rule",
        "testSize": "UNKNOWN"
      },
      {
        "abortReason": "",
        "durationInMs": 0,
        "id": "VGFyZ2V0UGFpcjo5NQ==",
        "label": "//next.js/pages:_jest_test_bazel_sequencer",
        "success": true,
        "targetKind": "_copy_file rule",
        "testSize": "UNKNOWN"
      },
      {
        "abortReason": "",
        "durationInMs": 1,
        "id": "VGFyZ2V0UGFpcjo5Ng==",
        "label": "//next.js:eslintrc",
        "success": true,
        "targetKind": "js_library rule",
        "testSize": "UNKNOWN"
      },
      {
        "abortReason": "",
        "durationInMs": 0,
        "id": "VGFyZ2V0UGFpcjo5Nw==",
        "label": "//react/public:public",
        "success": true,
        "targetKind": "js_library rule",
        "testSize": "UNKNOWN"
      },
      {
        "abortReason": "",
        "durationInMs": 0,
        "id": "VGFyZ2V0UGFpcjo5OA==",
        "label": "//react:preview",
        "success": true,
        "targetKind": "js_binary rule",
        "testSize": "UNKNOWN"
      },
      {
        "abortReason": "",
        "durationInMs": 0,
        "id": "VGFyZ2V0UGFpcjo5OQ==",
        "label": "//react-webpack:build_smoke_test",
        "success": true,
        "targetKind": "js_test rule",
        "testSize": "MEDIUM"
      },
      {
        "abortReason": "UNKNOWN",
        "durationInMs": 2,
        "id": "VGFyZ2V0UGFpcjoxMDA=",
        "label": "//next.js:build_test",
        "success": false,
        "targetKind": "_empty_test rule",
        "testSize": "SMALL"
      },
      {
        "abortReason": "",
        "durationInMs": 1,
        "id": "VGFyZ2V0UGFpcjoxMDE=",
        "label": "//react/src:test",
        "success": true,
        "targetKind": "js_test rule",
        "testSize": "MEDIUM"
      },
      {
        "abortReason": "",
        "durationInMs": 1,
        "id": "VGFyZ2V0UGFpcjoxMDI=",
        "label": "//react:start",
        "success": true,
        "targetKind": "_js_run_devserver rule",
        "testSize": "UNKNOWN"
      },
      {
        "abortReason": "",
        "durationInMs": 0,
        "id": "VGFyZ2V0UGFpcjoxMDM=",
        "label": "//react-webpack:_bundle_webpack_binary",
        "success": true,
        "targetKind": "js_binary rule",
        "testSize": "UNKNOWN"
      },
      {
        "abortReason": "",
        "durationInMs": 1,
        "id": "VGFyZ2V0UGFpcjoxMDQ=",
        "label": "//react/src:lint",
        "success": true,
        "targetKind": "eslint_test rule",
        "testSize": "MEDIUM"
      },
      {
        "abortReason": "UNKNOWN",
        "durationInMs": 2,
        "id": "VGFyZ2V0UGFpcjoxMDU=",
        "label": "//next.js/pages:specs",
        "success": false,
        "targetKind": "ts_project rule",
        "testSize": "UNKNOWN"
      },
      {
        "abortReason": "",
        "durationInMs": 0,
        "id": "VGFyZ2V0UGFpcjoxMDY=",
        "label": "//react:write_swcrc",
        "success": true,
        "targetKind": "_run_binary rule",
        "testSize": "UNKNOWN"
      },
      {
        "abortReason": "",
        "durationInMs": 0,
        "id": "VGFyZ2V0UGFpcjoxMDc=",
        "label": "//react-webpack:_bundle_webpack_binary_entrypoint",
        "success": true,
        "targetKind": "directory_path rule",
        "testSize": "UNKNOWN"
      },
      {
        "abortReason": "",
        "durationInMs": 0,
        "id": "VGFyZ2V0UGFpcjoxMDg=",
        "label": "//vue/libraries/simple:build",
        "success": true,
        "targetKind": "_run_binary rule",
        "testSize": "UNKNOWN"
      },
      {
        "abortReason": "",
        "durationInMs": 0,
        "id": "VGFyZ2V0UGFpcjoxMDk=",
        "label": "//vue:build",
        "success": true,
        "targetKind": "_run_binary rule",
        "testSize": "UNKNOWN"
      },
      {
        "abortReason": "",
        "durationInMs": 0,
        "id": "VGFyZ2V0UGFpcjoxMTA=",
        "label": "//vue:build_test",
        "success": true,
        "targetKind": "_empty_test rule",
        "testSize": "SMALL"
      },
      {
        "abortReason": "",
        "durationInMs": 0,
        "id": "VGFyZ2V0UGFpcjoxMTE=",
        "label": "//next.js/styles:styles",
        "success": true,
        "targetKind": "js_library rule",
        "testSize": "UNKNOWN"
      },
      {
        "abortReason": "UNKNOWN",
        "durationInMs": 2,
        "id": "VGFyZ2V0UGFpcjoxMTI=",
        "label": "//next.js/pages:jest_test",
        "success": false,
        "targetKind": "jest_test rule",
        "testSize": "MEDIUM"
      },
      {
        "abortReason": "UNKNOWN",
        "durationInMs": 2,
        "id": "VGFyZ2V0UGFpcjoxMTM=",
        "label": "//next.js/pages:pages",
        "success": false,
        "targetKind": "ts_project rule",
        "testSize": "UNKNOWN"
      },
      {
        "abortReason": "UNKNOWN",
        "durationInMs": 2,
        "id": "VGFyZ2V0UGFpcjoxMTQ=",
        "label": "//next.js:next_dev",
        "success": false,
        "targetKind": "_js_run_devserver rule",
        "testSize": "UNKNOWN"
      },
      {
        "abortReason": "",
        "durationInMs": 0,
        "id": "VGFyZ2V0UGFpcjoxMTU=",
        "label": "//packages/one:one_ts",
        "success": true,
        "targetKind": "ts_project rule",
        "testSize": "UNKNOWN"
      },
      {
        "abortReason": "",
        "durationInMs": 0,
        "id": "VGFyZ2V0UGFpcjoxMTY=",
        "label": "//react/src:src_transpile",
        "success": true,
        "targetKind": "swc_compile rule",
        "testSize": "UNKNOWN"
      },
      {
        "abortReason": "",
        "durationInMs": 1,
        "id": "VGFyZ2V0UGFpcjoxMTc=",
        "label": "//react/src:src_typecheck_test",
        "success": true,
        "targetKind": "_empty_test rule",
        "testSize": "SMALL"
      },
      {
        "abortReason": "",
        "durationInMs": 0,
        "id": "VGFyZ2V0UGFpcjoxMTg=",
        "label": "//:eslint",
        "success": true,
        "targetKind": "js_binary rule",
        "testSize": "UNKNOWN"
      },
      {
        "abortReason": "",
        "durationInMs": 1,
        "id": "VGFyZ2V0UGFpcjoxMTk=",
        "label": "//next.js/pages/api:api",
        "success": true,
        "targetKind": "ts_project rule",
        "testSize": "UNKNOWN"
      },
      {
        "abortReason": "",
        "durationInMs": 1,
        "id": "VGFyZ2V0UGFpcjoxMjA=",
        "label": "//react:vite",
        "success": true,
        "targetKind": "js_binary rule",
        "testSize": "UNKNOWN"
      },
      {
        "abortReason": "",
        "durationInMs": 0,
        "id": "VGFyZ2V0UGFpcjoxMjE=",
        "label": "//vue:type-check",
        "success": true,
        "targetKind": "js_test rule",
        "testSize": "MEDIUM"
      },
      {
        "abortReason": "",
        "durationInMs": 0,
        "id": "VGFyZ2V0UGFpcjoxMjI=",
        "label": "//next.js:next_js_binary",
        "success": true,
        "targetKind": "js_binary rule",
        "testSize": "UNKNOWN"
      },
      {
        "abortReason": "",
        "durationInMs": 1,
        "id": "VGFyZ2V0UGFpcjoxMjM=",
        "label": "//next.js/pages:_jest_test_jest_entrypoint",
        "success": true,
        "targetKind": "directory_path rule",
        "testSize": "UNKNOWN"
      },
      {
        "abortReason": "",
        "durationInMs": 0,
        "id": "VGFyZ2V0UGFpcjoxMjQ=",
        "label": "//next.js:tsconfig",
        "success": true,
        "targetKind": "ts_config rule",
        "testSize": "UNKNOWN"
      },
      {
        "abortReason": "",
        "durationInMs": 0,
        "id": "VGFyZ2V0UGFpcjoxMjU=",
        "label": "//react:tsconfig",
        "success": true,
        "targetKind": "ts_config rule",
        "testSize": "UNKNOWN"
      },
      {
        "abortReason": "",
        "durationInMs": 0,
        "id": "VGFyZ2V0UGFpcjoxMjY=",
        "label": "//next.js/pages:_jest_test_bazel_snapshot_reporter",
        "success": true,
        "targetKind": "_copy_file rule",
        "testSize": "UNKNOWN"
      }
    ],
    "testCollection": [
      {
        "cachedLocally": true,
        "cachedRemotely": false,
        "durationMs": 1715000,
        "id": "VGVzdENvbGxlY3Rpb246MTI=",
        "label": "//react/src:test",
        "overallStatus": "PASSED",
        "strategy": ""
      },
      {
        "cachedLocally": true,
        "cachedRemotely": false,
        "durationMs": 170000,
        "id": "VGVzdENvbGxlY3Rpb246MTM=",
        "label": "//react-webpack:build_smoke_test",
        "overallStatus": "PASSED",
        "strategy": ""
      },
      {
        "cachedLocally": true,
        "cachedRemotely": false,
        "durationMs": 85000,
        "id": "VGVzdENvbGxlY3Rpb246MTQ=",
        "label": "//react/src:src_typecheck_test",
        "overallStatus": "PASSED",
        "strategy": ""
      },
      {
        "cachedLocally": true,
        "cachedRemotely": false,
        "durationMs": 95000,
        "id": "VGVzdENvbGxlY3Rpb246MTU=",
        "label": "//react/src:test_lib_typecheck_test",
        "overallStatus": "PASSED",
        "strategy": ""
      },
      {
        "cachedLocally": true,
        "cachedRemotely": false,
        "durationMs": 191000,
        "id": "VGVzdENvbGxlY3Rpb246MTY=",
        "label": "//react:build_smoke_test",
        "overallStatus": "PASSED",
        "strategy": ""
      },
      {
        "cachedLocally": true,
        "cachedRemotely": false,
        "durationMs": 68000,
        "id": "VGVzdENvbGxlY3Rpb246MTc=",
        "label": "//vue:build_test",
        "overallStatus": "PASSED",
        "strategy": ""
      },
      {
        "cachedLocally": true,
        "cachedRemotely": false,
        "durationMs": 1180000,
        "id": "VGVzdENvbGxlY3Rpb246MTg=",
        "label": "//vue:type-check",
        "overallStatus": "PASSED",
        "strategy": ""
      },
      {
        "cachedLocally": true,
        "cachedRemotely": false,
        "durationMs": 112000,
        "id": "VGVzdENvbGxlY3Rpb246MTk=",
        "label": "//react/src:lint",
        "overallStatus": "PASSED",
        "strategy": ""
      }
    ],
    "user": {
      "Email": "",
      "LDAP": ""
    }
  }
}