{
  "summary": {
    "EnvVars": {
      "BAZELISK_SKIP_WRAPPER": "true",
      "BUILD_URL": "https://example.com/build/1234",
      "HOME": "/Users/nameless",
      "PATH": "/Users/nameless/Library/Caches/bazelisk/downloads/sha256/fb5e7bc62fc3c8f2511e3b64d795296444129b26f13d8dece4d4cee1845b758f/bin:/Users/nameless/.pyenv/shims:/opt/homebrew/Caskroom/miniforge/base/bin:/opt/homebrew/Caskroom/miniforge/base/condabin:/Users/nameless/.nvm/versions/node/v20.5.1/bin:/Library/Frameworks/Python.framework/Versions/3.11/bin:/usr/local/bin:/usr/bin:/bin:/usr/sbin:/sbin:/opt/homebrew/bin:/opt/buildbarninternal/bin:/opt/buildbarn/bin:/Library/Buildbarn/usr/bin:/opt/xbs/bin:/usr/buildbarninternal/bin:/private/var/tanuki:/Users/nameless/Library/Application Support/JetBrains/Toolbox/scripts:/Users/nameless/.local/bin:/Users/nameless/.yarn/bin:/Users/nameless/code/go/bin:/Users/nameless/.local/bin",
      "__CF_USER_TEXT_ENCODING": "0x1F5:0x0:0x0"
    },
    "ExitCode": {
      "Code": 3,
      "Name": "TESTS_FAILED"
    },
    "BazelVersion": "7.1.0",
    "BazelCommandLine": {
      "Executable": "bazel",
      "Command": "test",
      "Residual": "//next.js/...",
      "Options": [
        "--build_metadata=BUILD_STEP_LABEL=nextjs_test",
        "--build_event_json_file=./pkg/summary/testdata/nextjs_test_fail.bep.ndjson"
      ]
    },
    "Problems": [
      {
        "DetectedBlobs": [
          "file:///private/var/tmp/_bazel_nameless/785aba6fa73b7504b05bf113721e0096/execroot/_main/bazel-out/darwin_arm64-fastbuild/testlogs/next.js/pages/jest_test/test.log",
          "file:///private/var/tmp/_bazel_nameless/785aba6fa73b7504b05bf113721e0096/execroot/_main/bazel-out/darwin_arm64-fastbuild/testlogs/next.js/pages/jest_test/test.xml"
        ],
        "ProblemType": "TEST_PROBLEM",
        "Label": "//next.js/pages:jest_test",
        "BEPEvents": [
          {
            "id": {
              "testSummary": {
                "label": "//next.js/pages:jest_test",
                "configuration": {
                  "id": "358bd66fd0b6ce31004eacbfee54a783a7e66579667570851e40c121cbf266d9"
                }
              }
            },
            "testSummary": {
              "totalRunCount": 1,
              "failed": [
                {
                  "uri": "file:///private/var/tmp/_bazel_nameless/785aba6fa73b7504b05bf113721e0096/execroot/_main/bazel-out/darwin_arm64-fastbuild/testlogs/next.js/pages/jest_test/test.log"
                }
              ],
              "overallStatus": "FAILED",
              "firstStartTimeMillis": "1715643804515",
              "lastStopTimeMillis": "1715643805897",
              "totalRunDurationMillis": "1382",
              "runCount": 1,
              "totalRunDuration": "1.382s",
              "firstStartTime": "2024-05-13T23:43:24.515Z",
              "lastStopTime": "2024-05-13T23:43:25.897Z",
              "attemptCount": 1
            }
          },
          {
            "id": {
              "testResult": {
                "label": "//next.js/pages:jest_test",
                "run": 1,
                "shard": 1,
                "attempt": 1,
                "configuration": {
                  "id": "358bd66fd0b6ce31004eacbfee54a783a7e66579667570851e40c121cbf266d9"
                }
              }
            },
            "testResult": {
              "testActionOutput": [
                {
                  "name": "test.log",
                  "uri": "file:///private/var/tmp/_bazel_nameless/785aba6fa73b7504b05bf113721e0096/execroot/_main/bazel-out/darwin_arm64-fastbuild/testlogs/next.js/pages/jest_test/test.log"
                },
                {
                  "name": "test.xml",
                  "uri": "file:///private/var/tmp/_bazel_nameless/785aba6fa73b7504b05bf113721e0096/execroot/_main/bazel-out/darwin_arm64-fastbuild/testlogs/next.js/pages/jest_test/test.xml"
                }
              ],
              "testAttemptDurationMillis": "1382",
              "status": "FAILED",
              "testAttemptStartMillisEpoch": "1715643804515",
              "executionInfo": {
                "strategy": "darwin-sandbox",
                "timingBreakdown": {
                  "child": [
                    {
                      "name": "parseTime",
                      "time": "0s"
                    },
                    {
                      "name": "fetchTime",
                      "time": "0s"
                    },
                    {
                      "name": "queueTime",
                      "time": "0s"
                    },
                    {
                      "name": "uploadTime",
                      "time": "0s"
                    },
                    {
                      "name": "setupTime",
                      "time": "0s"
                    },
                    {
                      "name": "executionWallTime",
                      "time": "1.382s"
                    },
                    {
                      "name": "processOutputsTime",
                      "time": "0s"
                    },
                    {
                      "name": "networkTime",
                      "time": "0s"
                    }
                  ],
                  "name": "totalTime",
                  "time": "1.382s"
                }
              },
              "testAttemptStart": "2024-05-13T23:43:24.515Z",
              "testAttemptDuration": "1.382s"
            }
          }
        ]
      }
    ],
    "RelatedFiles": {
      "command.profile.gz": "file:///private/var/tmp/_bazel_nameless/785aba6fa73b7504b05bf113721e0096/command.profile.gz",
      "nextjs_test_fail.bep.ndjson": "testdata/nextjs_test_fail.bep.ndjson"
    },
    "EventFileURL": "testdata/nextjs_test_fail.bep.ndjson",
    "BEPCompleted": true,
    "StartedAt": "2024-05-13T23:43:23.045Z",
    "InvocationID": "571d0839-fd63-4442-bb4d-61f7bfa4ddae",
    "StepLabel": "nextjs_test",
    "EndedAt": "2024-05-13T23:43:26.247Z",
    "ChangeNumber": 0,
    "PatchsetNumber": 0,
    "BuildURL": "https://example.com/build/1234",
    "BuildUUID": "16276f4b-81e2-5b48-a09a-7c7c7b8b692f"
  }
}